--progress is a global compose flag, better use `docker compose --progress xx build ...
 Image quanlirapphim-mvc-net-main-mobile Building 
 Image cinemaxnet Building 
#1 [internal] load local bake definitions
#1 reading from stdin 1.04kB done
#1 DONE 0.0s

#2 [web internal] load build definition from Dockerfile
#2 transferring dockerfile: 1.01kB done
#2 DONE 0.0s

#3 [mobile internal] load build definition from Dockerfile
#3 transferring dockerfile: 378B done
#3 DONE 0.0s

#4 [mobile internal] load metadata for docker.io/library/node:20-alpine
#4 ...

#5 [web internal] load metadata for mcr.microsoft.com/dotnet/sdk:8.0
#5 DONE 0.4s

#6 [web internal] load metadata for mcr.microsoft.com/dotnet/aspnet:8.0
#6 DONE 0.4s

#7 [web internal] load .dockerignore
#7 transferring context: 836B done
#7 DONE 0.0s

#8 [web build 1/6] FROM mcr.microsoft.com/dotnet/sdk:8.0@sha256:3c0edbfe1549dd93fb789dc96299a40df865ad7bffefcaf38e8c05940686d641
#8 resolve mcr.microsoft.com/dotnet/sdk:8.0@sha256:3c0edbfe1549dd93fb789dc96299a40df865ad7bffefcaf38e8c05940686d641 0.0s done
#8 DONE 0.0s

#9 [web base 1/3] FROM mcr.microsoft.com/dotnet/aspnet:8.0@sha256:8f6a307ae32fb393a4b4bcde0a81f0ce3f0a715de0e5575df71f3030448f2dde
#9 resolve mcr.microsoft.com/dotnet/aspnet:8.0@sha256:8f6a307ae32fb393a4b4bcde0a81f0ce3f0a715de0e5575df71f3030448f2dde 0.0s done
#9 DONE 0.0s

#10 [web internal] load build context
#10 transferring context: 27.05kB 0.0s done
#10 DONE 0.0s

#11 [web build 3/6] COPY [CinemaXNet.csproj, .]
#11 CACHED

#12 [web build 2/6] WORKDIR /src
#12 CACHED

#13 [web build 4/6] RUN dotnet restore "./CinemaXNet.csproj"
#13 CACHED

#4 [mobile internal] load metadata for docker.io/library/node:20-alpine
#4 ...

#14 [web build 5/6] COPY . .
#14 DONE 0.3s

#4 [mobile internal] load metadata for docker.io/library/node:20-alpine
#4 DONE 0.9s

#15 [mobile internal] load .dockerignore
#15 transferring context: 107B done
#15 DONE 0.0s

#16 [web build 6/6] RUN dotnet publish "./CinemaXNet.csproj" -c Release -o /app/publish /p:UseAppHost=false --no-restore
#16 ...

#17 [mobile 1/2] FROM docker.io/library/node:20-alpine@sha256:fb4cd12c85ee03686f6af5362a0b0d56d50c58a04632e6c0fb8363f609372293
#17 resolve docker.io/library/node:20-alpine@sha256:fb4cd12c85ee03686f6af5362a0b0d56d50c58a04632e6c0fb8363f609372293 0.0s done
#17 DONE 0.0s

#18 [mobile 2/2] WORKDIR /app
#18 CACHED

#19 [mobile] exporting to image
#19 exporting layers done
#19 exporting manifest sha256:ae31e3e05025d02db12fb60eaab62a0a5662cb4107191f9f3a1115c96a7ade66 0.0s done
#19 exporting config sha256:2290513d6218cfe5fd9104926f0a179bf19e9c9ba21837cf88964f77e1f32a12 done
#19 exporting attestation manifest sha256:f9e516babf44b330deee8cf6c5433482278c2ca5f5e4ea010b3c6cff61eff93f 0.0s done
#19 exporting manifest list sha256:e99ceb1c1875212092d38af6e4840d1df0adf878a44e499c5a14d93f5bc88f25 0.0s done
#19 naming to docker.io/library/quanlirapphim-mvc-net-main-mobile:latest done
#19 unpacking to docker.io/library/quanlirapphim-mvc-net-main-mobile:latest 0.0s done
#19 DONE 0.2s

#16 [web build 6/6] RUN dotnet publish "./CinemaXNet.csproj" -c Release -o /app/publish /p:UseAppHost=false --no-restore
#16 ...

#20 [mobile] resolving provenance for metadata file
#20 DONE 0.0s

#16 [web build 6/6] RUN dotnet publish "./CinemaXNet.csproj" -c Release -o /app/publish /p:UseAppHost=false --no-restore
#16 1.325 /src/CinemaXNet.csproj : warning NU1903: Package 'AutoMapper' 13.0.1 has a known high severity vulnerability, https://github.com/advisories/GHSA-rvv3-g6hj-g44x
#16 10.96 /src/Views/Admin/Showtimes/Index.cshtml(156,91): error RZ1031: The tag helper 'option' must not have C# in the element's attribute declaration area. [/src/CinemaXNet.csproj]
#16 10.96 /src/Views/Admin/Showtimes/Index.cshtml(164,91): error RZ1031: The tag helper 'option' must not have C# in the element's attribute declaration area. [/src/CinemaXNet.csproj]
#16 10.96 /src/Views/Admin/Showtimes/Index.cshtml(179,84): error RZ1031: The tag helper 'option' must not have C# in the element's attribute declaration area. [/src/CinemaXNet.csproj]
#16 10.96 /src/Views/Admin/Showtimes/Index.cshtml(180,84): error RZ1031: The tag helper 'option' must not have C# in the element's attribute declaration area. [/src/CinemaXNet.csproj]
#16 10.96 /src/Views/Admin/Showtimes/Index.cshtml(181,86): error RZ1031: The tag helper 'option' must not have C# in the element's attribute declaration area. [/src/CinemaXNet.csproj]
#16 10.96 /src/Controllers/AdminController.cs(11,145): warning CS9113: Parameter 'showtimeService' is unread. [/src/CinemaXNet.csproj]
#16 ERROR: process "/bin/sh -c dotnet publish \"./CinemaXNet.csproj\" -c $BUILD_CONFIGURATION -o /app/publish /p:UseAppHost=false --no-restore" did not complete successfully: exit code: 1
------
 > [web build 6/6] RUN dotnet publish "./CinemaXNet.csproj" -c Release -o /app/publish /p:UseAppHost=false --no-restore:
1.325 /src/CinemaXNet.csproj : warning NU1903: Package 'AutoMapper' 13.0.1 has a known high severity vulnerability, https://github.com/advisories/GHSA-rvv3-g6hj-g44x
10.96 /src/Views/Admin/Showtimes/Index.cshtml(156,91): error RZ1031: The tag helper 'option' must not have C# in the element's attribute declaration area. [/src/CinemaXNet.csproj]
10.96 /src/Views/Admin/Showtimes/Index.cshtml(164,91): error RZ1031: The tag helper 'option' must not have C# in the element's attribute declaration area. [/src/CinemaXNet.csproj]
10.96 /src/Views/Admin/Showtimes/Index.cshtml(179,84): error RZ1031: The tag helper 'option' must not have C# in the element's attribute declaration area. [/src/CinemaXNet.csproj]
10.96 /src/Views/Admin/Showtimes/Index.cshtml(180,84): error RZ1031: The tag helper 'option' must not have C# in the element's attribute declaration area. [/src/CinemaXNet.csproj]
10.96 /src/Views/Admin/Showtimes/Index.cshtml(181,86): error RZ1031: The tag helper 'option' must not have C# in the element's attribute declaration area. [/src/CinemaXNet.csproj]
10.96 /src/Controllers/AdminController.cs(11,145): warning CS9113: Parameter 'showtimeService' is unread. [/src/CinemaXNet.csproj]
------
Dockerfile:18

--------------------

  16 |     # Copy everything else and publish directly

  17 |     COPY . .

  18 | >>> RUN dotnet publish "./CinemaXNet.csproj" -c $BUILD_CONFIGURATION -o /app/publish /p:UseAppHost=false --no-restore

  19 |     

  20 |     FROM base AS final

--------------------

target web: failed to solve: process "/bin/sh -c dotnet publish \"./CinemaXNet.csproj\" -c $BUILD_CONFIGURATION -o /app/publish /p:UseAppHost=false --no-restore" did not complete successfully: exit code: 1

